slurmstepd: error: couldn't chdir to `/home/rogercc/'/scratch/rogercc/auto-craftax'': No such file or directory: going to /tmp instead
slurmstepd: error: couldn't chdir to `/home/rogercc/'/scratch/rogercc/auto-craftax'': No such file or directory: going to /tmp instead
sending incremental file list
auto-craftax.sif

sent 19,797,219,387 bytes  received 35 bytes  226,253,936.25 bytes/sec
total size is 19,808,600,064  speedup is 1.00
WARNING: Environment variable PYTHONPATH already has value [/src], will not forward new value [/src:/cvmfs/soft.computecanada.ca/custom/python/site-packages] from parent process environment
Failed to import warp: No module named 'warp'
Failed to import mujoco_warp: No module named 'warp'
/opt/conda/envs/skill/lib/python3.10/site-packages/tyro/_parsers.py:353: UserWarning: The field `target-kl` is annotated with type `<class 'float'>`, but the default value `None` has type `<class 'NoneType'>`. We'll try to handle this gracefully, but it may cause unexpected behavior.
  warnings.warn(message)
Running with num_envs=2048, num_steps=128, minibatch_size=32768, max_grad_norm=1.0
using device cuda
Processing Craftax textures. This will take a minute but will be cached for future use.
Textures loaded and saved to cache.
RND exploration enabled: coef=0.01, output_dim=64, hidden_dim=256
-------------
PPO_LSTM_Agent(
  (shared_pre_lstm): Sequential(
    (0): CraftaxObsEncoder(
      (input_bn): BatchNorm1d(8268, eps=1e-05, momentum=0.1, affine=True, track_running_stats=True)
      (map_cnn): Sequential(
        (0): Conv2d(83, 32, kernel_size=(3, 3), stride=(1, 1), padding=(1, 1))
        (1): ReLU()
        (2): Conv2d(32, 64, kernel_size=(3, 3), stride=(1, 1), padding=(1, 1))
        (3): ReLU()
        (4): AdaptiveAvgPool2d(output_size=(3, 4))
      )
      (map_proj): Sequential(
        (0): Linear(in_features=768, out_features=512, bias=True)
        (1): ReLU()
      )
      (stats_mlp): Sequential(
        (0): Linear(in_features=51, out_features=256, bias=True)
        (1): ReLU()
        (2): Linear(in_features=256, out_features=256, bias=True)
        (3): ReLU()
      )
      (combine): Sequential(
        (0): Linear(in_features=768, out_features=512, bias=True)
        (1): ReLU()
      )
    )
    (1): MLP(
      (net): Sequential(
        (0): Linear(in_features=512, out_features=512, bias=True)
        (1): Tanh()
      )
    )
  )
  (rnn): GRU(512, 512)
  (shared_post_lstm): MLP(
    (net): Sequential(
      (0): Linear(in_features=512, out_features=512, bias=True)
      (1): Tanh()
      (2): Linear(in_features=512, out_features=512, bias=True)
      (3): Tanh()
    )
  )
  (critic_head): Linear(in_features=512, out_features=1, bias=True)
  (actor_head): Linear(in_features=512, out_features=43, bias=True)
)
Adam (
Parameter Group 0
    amsgrad: False
    betas: (0.9, 0.999)
    capturable: False
    decoupled_weight_decay: False
    differentiable: False
    eps: 1e-05
    foreach: None
    fused: None
    lr: 0.0002
    maximize: False
    weight_decay: 0
)
global_step=67584, episodic_return=0.10000000894069672, episodic_length=33, avg_reward=0.10000000894069672
global_step=73728, episodic_return=0.10000002384185791, episodic_length=36, avg_reward=0.10000001639127731
global_step=73728, episodic_return=-0.8999999761581421, episodic_length=36, avg_reward=-0.2333333045244217
global_step=77824, episodic_return=0.10000002384185791, episodic_length=38, avg_reward=-0.1499999761581421
global_step=79872, episodic_return=-0.8999999761581421, episodic_length=39, avg_reward=-0.29999998211860657
global_step=79872, episodic_return=0.10000000894069672, episodic_length=39, avg_reward=-0.2333333045244217
global_step=79872, episodic_return=0.09999999403953552, episodic_length=39, avg_reward=-0.1857142597436905
global_step=83968, episodic_return=-0.8999999761581421, episodic_length=41, avg_reward=-0.2749999761581421
global_step=83968, episodic_return=0.10000002384185791, episodic_length=41, avg_reward=-0.23333331942558289
global_step=86016, episodic_return=0.10000002384185791, episodic_length=42, avg_reward=-0.19999998807907104
global_step=88064, episodic_return=0.10000000894069672, episodic_length=43, avg_reward=-0.17272725701332092
global_step=90112, episodic_return=-0.8999999761581421, episodic_length=44, avg_reward=-0.2333333045244217
global_step=92160, episodic_return=0.10000000894069672, episodic_length=45, avg_reward=-0.20769229531288147
global_step=92160, episodic_return=0.09999999403953552, episodic_length=45, avg_reward=-0.18571427464485168
global_step=92160, episodic_return=0.10000000894069672, episodic_length=45, avg_reward=-0.1666666716337204
global_step=98304, episodic_return=-0.8999999761581421, episodic_length=48, avg_reward=-0.2124999761581421
global_step=100352, episodic_return=0.10000000894069672, episodic_length=49, avg_reward=-0.19411763548851013
global_step=100352, episodic_return=-0.8999999761581421, episodic_length=49, avg_reward=-0.23333331942558289
global_step=100352, episodic_return=0.10000000894069672, episodic_length=49, avg_reward=-0.21578946709632874
global_step=102400, episodic_return=-0.9000000357627869, episodic_length=50, avg_reward=-0.25
global_step=104448, episodic_return=0.10000000894069672, episodic_length=51, avg_reward=-0.23333333432674408
global_step=106496, episodic_return=0.09999996423721313, episodic_length=52, avg_reward=-0.21818183362483978
global_step=108544, episodic_return=0.10000002384185791, episodic_length=53, avg_reward=-0.20434783399105072
global_step=110592, episodic_return=0.10000000149011612, episodic_length=54, avg_reward=-0.19166666269302368
global_step=110592, episodic_return=0.09999996423721313, episodic_length=54, avg_reward=-0.18000000715255737
global_step=110592, episodic_return=0.10000000894069672, episodic_length=54, avg_reward=-0.18000000715255737
global_step=114688, episodic_return=1.0999997854232788, episodic_length=56, avg_reward=-0.14000000059604645
global_step=116736, episodic_return=-0.8999999761581421, episodic_length=57, avg_reward=-0.14000000059604645
global_step=116736, episodic_return=0.10000000894069672, episodic_length=57, avg_reward=-0.14000000059604645
global_step=116736, episodic_return=-0.8999999761581421, episodic_length=57, avg_reward=-0.14000000059604645
global_step=118784, episodic_return=0.10000001639127731, episodic_length=58, avg_reward=-0.13999998569488525
global_step=120832, episodic_return=-0.8999999761581421, episodic_length=59, avg_reward=-0.18000000715255737
global_step=120832, episodic_return=0.10000001639127731, episodic_length=59, avg_reward=-0.14000000059604645
global_step=124928, episodic_return=0.09999997913837433, episodic_length=61, avg_reward=-0.14000000059604645
global_step=124928, episodic_return=0.09999996423721313, episodic_length=61, avg_reward=-0.14000000059604645
global_step=124928, episodic_return=0.10000000894069672, episodic_length=61, avg_reward=-0.14000001549720764
global_step=124928, episodic_return=0.10000000894069672, episodic_length=61, avg_reward=-0.10000000894069672
global_step=126976, episodic_return=2.0999999046325684, episodic_length=62, avg_reward=-0.02000000886619091
global_step=126976, episodic_return=-0.8999999761581421, episodic_length=62, avg_reward=-0.06000000610947609
global_step=129024, episodic_return=0.10000000894069672, episodic_length=63, avg_reward=-0.06000000610947609
global_step=129024, episodic_return=1.100000023841858, episodic_length=63, avg_reward=0.019999995827674866
global_step=129024, episodic_return=2.0999999046325684, episodic_length=63, avg_reward=0.09999999403953552
global_step=129024, episodic_return=0.10000000894069672, episodic_length=63, avg_reward=0.13999998569488525
global_step=129024, episodic_return=-0.8999999761581421, episodic_length=63, avg_reward=0.10000000149011612
global_step=131072, episodic_return=1.0999999046325684, episodic_length=64, avg_reward=0.18000000715255737
global_step=133120, episodic_return=0.09999999403953552, episodic_length=65, avg_reward=0.17999997735023499
global_step=135168, episodic_return=-0.8999999761581421, episodic_length=66, avg_reward=0.13999998569488525
global_step=139264, episodic_return=2.0999999046325684, episodic_length=68, avg_reward=0.2199999988079071
global_step=139264, episodic_return=-0.8999999761581421, episodic_length=68, avg_reward=0.17999997735023499
global_step=139264, episodic_return=-0.8999999761581421, episodic_length=68, avg_reward=0.13999998569488525
global_step=139264, episodic_return=-0.8999999761581421, episodic_length=68, avg_reward=0.09999997913837433
global_step=141312, episodic_return=-0.8999999761581421, episodic_length=69, avg_reward=0.019999995827674866
global_step=141312, episodic_return=-0.8999999761581421, episodic_length=69, avg_reward=0.019999995827674866
global_step=141312, episodic_return=-0.8999999761581421, episodic_length=69, avg_reward=-0.020000003278255463
global_step=141312, episodic_return=-0.8999999761581421, episodic_length=69, avg_reward=-0.020000005140900612
global_step=143360, episodic_return=1.0999999046325684, episodic_length=70, avg_reward=0.019999990239739418
global_step=145408, episodic_return=-0.8999999761581421, episodic_length=71, avg_reward=0.019999995827674866
global_step=145408, episodic_return=0.10000006854534149, episodic_length=71, avg_reward=0.019999995827674866
global_step=147456, episodic_return=0.10000002384185791, episodic_length=72, avg_reward=0.019999995827674866
global_step=147456, episodic_return=0.10000000894069672, episodic_length=72, avg_reward=0.019999995827674866
global_step=149504, episodic_return=-0.9000000357627869, episodic_length=73, avg_reward=-0.020000003278255463
global_step=149504, episodic_return=-0.8999999761581421, episodic_length=73, avg_reward=-0.06000000610947609
global_step=149504, episodic_return=2.0999999046325684, episodic_length=73, avg_reward=-0.060000017285346985
global_step=149504, episodic_return=0.10000002384185791, episodic_length=73, avg_reward=-0.020000014454126358
global_step=155648, episodic_return=-0.8999999761581421, episodic_length=76, avg_reward=-0.06000000983476639
global_step=155648, episodic_return=0.10000002384185791, episodic_length=76, avg_reward=-0.10000000149011612
global_step=155648, episodic_return=1.100000023841858, episodic_length=76, avg_reward=-0.14000001549720764
global_step=155648, episodic_return=1.1000001430511475, episodic_length=76, avg_reward=-0.10000000149011612
global_step=155648, episodic_return=0.10000000149011612, episodic_length=76, avg_reward=-0.0599999874830246
global_step=157696, episodic_return=1.0999999046325684, episodic_length=77, avg_reward=-0.059999980032444
global_step=157696, episodic_return=0.10000006854534149, episodic_length=77, avg_reward=-0.059999991208314896
global_step=159744, episodic_return=0.10000006854534149, episodic_length=78, avg_reward=-0.01999998651444912
global_step=159744, episodic_return=1.0999997854232788, episodic_length=78, avg_reward=-0.0599999874830246
global_step=159744, episodic_return=1.100000023841858, episodic_length=78, avg_reward=0.02000000886619091
global_step=163840, episodic_return=0.10000006854534149, episodic_length=80, avg_reward=0.05999999865889549
global_step=163840, episodic_return=1.0999997854232788, episodic_length=80, avg_reward=0.14000000059604645
global_step=167936, episodic_return=1.1000001430511475, episodic_length=82, avg_reward=0.2199999988079071
global_step=167936, episodic_return=2.0999999046325684, episodic_length=82, avg_reward=0.3400000035762787
global_step=169984, episodic_return=0.10000001639127731, episodic_length=83, avg_reward=0.3799999952316284
global_step=169984, episodic_return=1.0999999046325684, episodic_length=83, avg_reward=0.46000000834465027
global_step=169984, episodic_return=-0.8999999761581421, episodic_length=83, avg_reward=0.3799999952316284
global_step=172032, episodic_return=0.09999994933605194, episodic_length=84, avg_reward=0.41999998688697815
global_step=172032, episodic_return=0.10000000894069672, episodic_length=84, avg_reward=0.41999998688697815
global_step=174080, episodic_return=0.09999996423721313, episodic_length=85, avg_reward=0.41999998688697815
global_step=174080, episodic_return=1.0999997854232788, episodic_length=85, avg_reward=0.4599999487400055
global_step=176128, episodic_return=0.1000000610947609, episodic_length=86, avg_reward=0.4999999701976776
global_step=176128, episodic_return=0.10000006854534149, episodic_length=86, avg_reward=0.5400000214576721
global_step=178176, episodic_return=0.10000001639127731, episodic_length=87, avg_reward=0.46000000834465027
global_step=178176, episodic_return=-0.8999999761581421, episodic_length=87, avg_reward=0.41999998688697815
global_step=178176, episodic_return=1.0999997854232788, episodic_length=87, avg_reward=0.4999999701976776
global_step=178176, episodic_return=2.0999996662139893, episodic_length=87, avg_reward=0.5799999833106995
global_step=180224, episodic_return=1.0999997854232788, episodic_length=88, avg_reward=0.5799999833106995
global_step=180224, episodic_return=0.10000006854534149, episodic_length=88, avg_reward=0.5399999618530273
global_step=182272, episodic_return=1.1000001430511475, episodic_length=89, avg_reward=0.5799999833106995
global_step=182272, episodic_return=-0.8999999761581421, episodic_length=89, avg_reward=0.5
global_step=182272, episodic_return=1.0999999046325684, episodic_length=89, avg_reward=0.5400000214576721
global_step=182272, episodic_return=0.10000002384185791, episodic_length=89, avg_reward=0.5400000214576721
global_step=184320, episodic_return=0.10000000894069672, episodic_length=90, avg_reward=0.5
global_step=184320, episodic_return=0.10000000894069672, episodic_length=90, avg_reward=0.46000000834465027
global_step=186368, episodic_return=0.10000001639127731, episodic_length=91, avg_reward=0.4599999487400055
global_step=186368, episodic_return=1.0999997854232788, episodic_length=91, avg_reward=0.4599999487400055
global_step=186368, episodic_return=0.10000000894069672, episodic_length=91, avg_reward=0.41999998688697815
global_step=188416, episodic_return=0.10000006854534149, episodic_length=92, avg_reward=0.3399999737739563
global_step=188416, episodic_return=0.10000006854534149, episodic_length=92, avg_reward=0.3399999737739563
global_step=190464, episodic_return=0.10000002384185791, episodic_length=93, avg_reward=0.2999999523162842
global_step=190464, episodic_return=2.0999999046325684, episodic_length=93, avg_reward=0.41999998688697815
global_step=190464, episodic_return=0.10000006854534149, episodic_length=93, avg_reward=0.41999998688697815
global_step=194560, episodic_return=0.10000006854534149, episodic_length=95, avg_reward=0.41999998688697815
global_step=194560, episodic_return=0.1000000387430191, episodic_length=95, avg_reward=0.41999998688697815
global_step=196608, episodic_return=1.0999997854232788, episodic_length=96, avg_reward=0.41999995708465576
global_step=196608, episodic_return=0.10000000894069672, episodic_length=96, avg_reward=0.41999998688697815
global_step=196608, episodic_return=0.1000000387430191, episodic_length=96, avg_reward=0.41999998688697815
global_step=196608, episodic_return=0.1000000387430191, episodic_length=96, avg_reward=0.41999998688697815
global_step=198656, episodic_return=0.1000000387430191, episodic_length=97, avg_reward=0.46000000834465027
global_step=198656, episodic_return=1.0999997854232788, episodic_length=97, avg_reward=0.4599999487400055
global_step=200704, episodic_return=-0.8999999761581421, episodic_length=98, avg_reward=0.3400000035762787
global_step=200704, episodic_return=0.1000000387430191, episodic_length=98, avg_reward=0.29999998211860657
global_step=200704, episodic_return=2.0999996662139893, episodic_length=98, avg_reward=0.3799999952316284
global_step=202752, episodic_return=-0.8999999761581421, episodic_length=99, avg_reward=0.29999998211860657
global_step=202752, episodic_return=0.10000006854534149, episodic_length=99, avg_reward=0.3400000035762787
global_step=204800, episodic_return=1.0999997854232788, episodic_length=100, avg_reward=0.3399999737739563
global_step=204800, episodic_return=0.10000000149011612, episodic_length=100, avg_reward=0.3400000035762787
global_step=206848, episodic_return=0.10000006854534149, episodic_length=101, avg_reward=0.3400000035762787
global_step=206848, episodic_return=-0.8999999165534973, episodic_length=101, avg_reward=0.29999998211860657
global_step=206848, episodic_return=-0.9000000357627869, episodic_length=101, avg_reward=0.25999999046325684
global_step=206848, episodic_return=0.1000000461935997, episodic_length=101, avg_reward=0.2199999839067459
global_step=206848, episodic_return=0.10000002384185791, episodic_length=101, avg_reward=0.2199999839067459
global_step=208896, episodic_return=1.0999999046325684, episodic_length=102, avg_reward=0.25999999046325684
global_step=208896, episodic_return=0.1000000461935997, episodic_length=102, avg_reward=0.25999996066093445
global_step=208896, episodic_return=1.0999999046325684, episodic_length=102, avg_reward=0.29999998211860657
global_step=208896, episodic_return=1.0999997854232788, episodic_length=102, avg_reward=0.25999996066093445
global_step=210944, episodic_return=0.10000006854534149, episodic_length=103, avg_reward=0.25999999046325684
global_step=210944, episodic_return=-0.8999999761581421, episodic_length=103, avg_reward=0.21999996900558472
global_step=210944, episodic_return=0.10000006854534149, episodic_length=103, avg_reward=0.21999993920326233
global_step=212992, episodic_return=0.10000006854534149, episodic_length=104, avg_reward=0.17999997735023499
global_step=212992, episodic_return=-0.9000000357627869, episodic_length=104, avg_reward=0.13999998569488525
global_step=212992, episodic_return=3.0999996662139893, episodic_length=104, avg_reward=0.25999996066093445
global_step=215040, episodic_return=0.10000000894069672, episodic_length=105, avg_reward=0.25999993085861206
global_step=215040, episodic_return=1.100000023841858, episodic_length=105, avg_reward=0.2999999523162842
global_step=217088, episodic_return=0.10000002384185791, episodic_length=106, avg_reward=0.25999993085861206
global_step=217088, episodic_return=0.10000000894069672, episodic_length=106, avg_reward=0.2999999523162842
global_step=217088, episodic_return=0.10000006854534149, episodic_length=106, avg_reward=0.2999999523162842
global_step=217088, episodic_return=0.10000000894069672, episodic_length=106, avg_reward=0.2199999839067459
global_step=219136, episodic_return=0.10000000894069672, episodic_length=107, avg_reward=0.25999999046325684
global_step=219136, episodic_return=0.10000006854534149, episodic_length=107, avg_reward=0.25999999046325684
global_step=221184, episodic_return=0.10000003129243851, episodic_length=108, avg_reward=0.2200000137090683
global_step=221184, episodic_return=0.09999997168779373, episodic_length=108, avg_reward=0.2199999988079071
global_step=221184, episodic_return=0.10000000894069672, episodic_length=108, avg_reward=0.2200000137090683
global_step=223232, episodic_return=0.10000006854534149, episodic_length=109, avg_reward=0.25999999046325684
global_step=223232, episodic_return=0.10000006854534149, episodic_length=109, avg_reward=0.30000001192092896
global_step=223232, episodic_return=1.0999999046325684, episodic_length=109, avg_reward=0.3400000035762787
global_step=223232, episodic_return=0.10000002384185791, episodic_length=109, avg_reward=0.3400000333786011
global_step=227328, episodic_return=0.10000002384185791, episodic_length=111, avg_reward=0.30000001192092896
global_step=227328, episodic_return=0.10000006854534149, episodic_length=111, avg_reward=0.29999998211860657
global_step=227328, episodic_return=-0.8999999761581421, episodic_length=111, avg_reward=0.2199999988079071
global_step=227328, episodic_return=-0.9000000357627869, episodic_length=111, avg_reward=0.14000000059604645
global_step=227328, episodic_return=0.09999996423721313, episodic_length=111, avg_reward=0.14000001549720764
global_step=231424, episodic_return=0.10000000149011612, episodic_length=113, avg_reward=0.18000000715255737
global_step=231424, episodic_return=0.1000000536441803, episodic_length=113, avg_reward=0.18000000715255737
global_step=231424, episodic_return=1.0999997854232788, episodic_length=113, avg_reward=0.2199999988079071
global_step=231424, episodic_return=0.10000000894069672, episodic_length=113, avg_reward=0.25999999046325684
global_step=233472, episodic_return=-0.8999999761581421, episodic_length=114, avg_reward=0.10000001639127731
global_step=233472, episodic_return=2.0999996662139893, episodic_length=114, avg_reward=0.18000000715255737
global_step=233472, episodic_return=-0.8999999761581421, episodic_length=114, avg_reward=0.10000000149011612
global_step=235520, episodic_return=0.10000000894069672, episodic_length=115, avg_reward=0.10000000149011612
global_step=235520, episodic_return=0.09999997913837433, episodic_length=115, avg_reward=0.09999999403953552
global_step=235520, episodic_return=0.10000006854534149, episodic_length=115, avg_reward=0.10000000149011612
global_step=237568, episodic_return=-0.8999999761581421, episodic_length=116, avg_reward=0.059999994933605194
global_step=237568, episodic_return=0.1000000536441803, episodic_length=116, avg_reward=0.059999991208314896
global_step=237568, episodic_return=-0.8999999761581421, episodic_length=116, avg_reward=0.01999998651444912
global_step=239616, episodic_return=-0.9000000357627869, episodic_length=117, avg_reward=-0.02000000700354576
global_step=239616, episodic_return=1.0999999046325684, episodic_length=117, avg_reward=0.019999990239739418
global_step=239616, episodic_return=-0.9000000357627869, episodic_length=117, avg_reward=-0.020000016316771507
global_step=239616, episodic_return=0.10000006854534149, episodic_length=117, avg_reward=-0.02000001259148121
global_step=239616, episodic_return=1.0999997854232788, episodic_length=117, avg_reward=0.019999979063868523
global_step=241664, episodic_return=0.10000003129243851, episodic_length=118, avg_reward=-0.02000000886619091
global_step=241664, episodic_return=0.10000006854534149, episodic_length=118, avg_reward=-0.02000001259148121
global_step=241664, episodic_return=1.0999997854232788, episodic_length=118, avg_reward=0.01999998651444912
global_step=243712, episodic_return=1.0999997854232788, episodic_length=119, avg_reward=0.0599999725818634
global_step=245760, episodic_return=-0.9000000357627869, episodic_length=78, avg_reward=0.05999996140599251
global_step=245760, episodic_return=0.1000000387430191, episodic_length=120, avg_reward=0.09999996423721313
global_step=245760, episodic_return=-0.8999999761581421, episodic_length=120, avg_reward=0.059999965131282806
global_step=245760, episodic_return=0.10000000149011612, episodic_length=120, avg_reward=0.059999965131282806
global_step=245760, episodic_return=1.0999997854232788, episodic_length=120, avg_reward=0.09999994188547134
global_step=247808, episodic_return=0.09999999403953552, episodic_length=121, avg_reward=0.05999995768070221
global_step=247808, episodic_return=0.1000000461935997, episodic_length=121, avg_reward=0.05999995395541191
global_step=247808, episodic_return=0.10000002384185791, episodic_length=121, avg_reward=0.09999996423721313
global_step=249856, episodic_return=-0.8999999761581421, episodic_length=122, avg_reward=-0.020000023767352104
global_step=249856, episodic_return=1.0999999046325684, episodic_length=122, avg_reward=0.0599999763071537
global_step=251904, episodic_return=0.10000006854534149, episodic_length=123, avg_reward=0.0599999725818634
global_step=253952, episodic_return=1.0999997854232788, episodic_length=124, avg_reward=0.09999997913837433
global_step=253952, episodic_return=1.0999997854232788, episodic_length=124, avg_reward=0.13999995589256287
global_step=253952, episodic_return=1.0999997854232788, episodic_length=124, avg_reward=0.21999996900558472
global_step=253952, episodic_return=0.10000000894069672, episodic_length=124, avg_reward=0.21999993920326233
global_step=256000, episodic_return=0.1000000387430191, episodic_length=125, avg_reward=0.25999993085861206
global_step=258048, episodic_return=0.10000000894069672, episodic_length=40, avg_reward=0.2999999523162842
global_step=258048, episodic_return=0.10000002384185791, episodic_length=126, avg_reward=0.25999993085861206
global_step=258048, episodic_return=0.10000000894069672, episodic_length=126, avg_reward=0.2999999523162842
global_step=258048, episodic_return=-0.8999999761581421, episodic_length=126, avg_reward=0.25999993085861206
global_step=258048, episodic_return=0.10000000894069672, episodic_length=126, avg_reward=0.21999993920326233
global_step=258048, episodic_return=1.0999997854232788, episodic_length=126, avg_reward=0.25999996066093445
global_step=258048, episodic_return=0.1000000536441803, episodic_length=126, avg_reward=0.25999996066093445
global_step=260096, episodic_return=1.0999999046325684, episodic_length=127, avg_reward=0.25999996066093445
global_step=260096, episodic_return=-0.8999999761581421, episodic_length=59, avg_reward=0.1799999624490738
global_step=260096, episodic_return=0.10000006854534149, episodic_length=127, avg_reward=0.2199999839067459
global_step=262144, episodic_return=0.10000000894069672, episodic_length=128, avg_reward=0.2199999839067459
global_step=262144, episodic_return=-0.8999999761581421, episodic_length=128, avg_reward=0.2199999839067459
global_step=262144, episodic_return=1.0999999046325684, episodic_length=128, avg_reward=0.25999996066093445
Traceback (most recent call last):
  File "/src/src/rl/ppo_lstm.py", line 603, in <module>
    
  File "/src/src/models/models.py", line 250, in get_action_and_value
    actor_hidden, critic_hidden, lstm_state = self.get_states(x, lstm_state, done)
  File "/src/src/models/models.py", line 208, in get_states
    hidden = self.shared_pre_lstm(x)
  File "/opt/conda/envs/skill/lib/python3.10/site-packages/torch/nn/modules/module.py", line 1776, in _wrapped_call_impl
    return self._call_impl(*args, **kwargs)
  File "/opt/conda/envs/skill/lib/python3.10/site-packages/torch/nn/modules/module.py", line 1787, in _call_impl
    return forward_call(*args, **kwargs)
  File "/opt/conda/envs/skill/lib/python3.10/site-packages/torch/nn/modules/container.py", line 253, in forward
    input = module(input)
  File "/opt/conda/envs/skill/lib/python3.10/site-packages/torch/nn/modules/module.py", line 1776, in _wrapped_call_impl
    return self._call_impl(*args, **kwargs)
  File "/opt/conda/envs/skill/lib/python3.10/site-packages/torch/nn/modules/module.py", line 1787, in _call_impl
    return forward_call(*args, **kwargs)
  File "/src/src/models/models.py", line 65, in forward
    obs = self.input_bn(obs.reshape(-1, orig_shape[-1])).reshape(orig_shape)
  File "/opt/conda/envs/skill/lib/python3.10/site-packages/torch/nn/modules/module.py", line 1776, in _wrapped_call_impl
    return self._call_impl(*args, **kwargs)
  File "/opt/conda/envs/skill/lib/python3.10/site-packages/torch/nn/modules/module.py", line 1787, in _call_impl
    return forward_call(*args, **kwargs)
  File "/opt/conda/envs/skill/lib/python3.10/site-packages/torch/nn/modules/batchnorm.py", line 194, in forward
    return F.batch_norm(
  File "/opt/conda/envs/skill/lib/python3.10/site-packages/torch/nn/functional.py", line 2846, in batch_norm
    return torch.batch_norm(
torch.OutOfMemoryError: CUDA out of memory. Tried to allocate 1.01 GiB. GPU 0 has a total capacity of 39.50 GiB of which 136.12 MiB is free. Process 4020485 has 430.00 MiB memory in use. Including non-PyTorch memory, this process has 39.34 GiB memory in use. Of the allocated memory 9.17 GiB is allocated by PyTorch, and 76.05 MiB is reserved by PyTorch but unallocated. If reserved but unallocated memory is large try setting PYTORCH_ALLOC_CONF=expandable_segments:True to avoid fragmentation.  See documentation for Memory Management  (https://pytorch.org/docs/stable/notes/cuda.html#environment-variables)
slurmstepd: error: run_script_as_user: couldn't change working dir to /home/rogercc/'/scratch/rogercc/auto-craftax': No such file or directory
